// Jest Snapshot v1, https://goo.gl/fbAQLP

exports[`Pruebas en <Search /> Debe de mostrarse correctamente con valores por defecto 1`] = `
<div>
  <h1
    class="titulos"
  >
    Búsqueda
  </h1>
  <hr
    class="titulos"
  />
  <div
    class="row"
  >
    <div
      class="col-5"
    >
      <h4
        class="titulos"
      >
        Buscando
      </h4>
      <hr
        class="titulos"
      />
      <form
        aria-label="form"
      >
        <input
          autocomplete="off"
          class="form-control"
          name="searchText"
          placeholder="Busca un héroe"
          type="text"
          value=""
        />
        <button
          class="btn btn-primary mt-2"
        >
          Buscar
        </button>
      </form>
    </div>
    <div
      class="col-7"
    >
      <h4
        class="titulos"
      >
        Resultados
      </h4>
      <hr
        class="titulos"
      />
      <div
        class="alert alert-primary animate__animated animate__fadeIn"
      >
        Busca un héroe
      </div>
      <div
        aria-label="alert-danger"
        class="alert alert-danger animate__animated animate__fadeIn"
        style="display: none;"
      >
        No hay resultados con 
        <b />
      </div>
    </div>
  </div>
</div>
`;
